// Vitest Snapshot v1, https://vitest.dev/guide/snapshot.html

exports[`Add To Cart Popup component > add to cart popup component snapshot 1`] = `
{
  "asFragment": [Function],
  "baseElement": <body>
    <div>
      <a
        class="_popupCont_32ea7d "
        data-discover="true"
        href="/shopping-cart"
      >
        <div>
          <p>
            1
            x 
            <span
              class="_name_32ea7d"
            >
              Millennium Falcon
            </span>
          </p>
          <div
            class="_succesfullyAddedCont_32ea7d"
          >
            <p>
              succesfully added to cart!
            </p>
            <div
              class="_showDetails_32ea7d"
            >
              <img
                class="_arrow_32ea7d"
                height="12"
                src="/src/assets/right-arrow.svg"
                width="12"
              />
              <img
                class="_arrow_32ea7d"
                height="12"
                src="/src/assets/right-arrow.svg"
                width="12"
              />
              <img
                class="_arrow_32ea7d"
                height="12"
                src="/src/assets/right-arrow.svg"
                width="12"
              />
            </div>
          </div>
        </div>
      </a>
    </div>
  </body>,
  "container": <div>
    <a
      class="_popupCont_32ea7d "
      data-discover="true"
      href="/shopping-cart"
    >
      <div>
        <p>
          1
          x 
          <span
            class="_name_32ea7d"
          >
            Millennium Falcon
          </span>
        </p>
        <div
          class="_succesfullyAddedCont_32ea7d"
        >
          <p>
            succesfully added to cart!
          </p>
          <div
            class="_showDetails_32ea7d"
          >
            <img
              class="_arrow_32ea7d"
              height="12"
              src="/src/assets/right-arrow.svg"
              width="12"
            />
            <img
              class="_arrow_32ea7d"
              height="12"
              src="/src/assets/right-arrow.svg"
              width="12"
            />
            <img
              class="_arrow_32ea7d"
              height="12"
              src="/src/assets/right-arrow.svg"
              width="12"
            />
          </div>
        </div>
      </div>
    </a>
  </div>,
  "debug": [Function],
  "findAllByAltText": [Function],
  "findAllByDisplayValue": [Function],
  "findAllByLabelText": [Function],
  "findAllByPlaceholderText": [Function],
  "findAllByRole": [Function],
  "findAllByTestId": [Function],
  "findAllByText": [Function],
  "findAllByTitle": [Function],
  "findByAltText": [Function],
  "findByDisplayValue": [Function],
  "findByLabelText": [Function],
  "findByPlaceholderText": [Function],
  "findByRole": [Function],
  "findByTestId": [Function],
  "findByText": [Function],
  "findByTitle": [Function],
  "getAllByAltText": [Function],
  "getAllByDisplayValue": [Function],
  "getAllByLabelText": [Function],
  "getAllByPlaceholderText": [Function],
  "getAllByRole": [Function],
  "getAllByTestId": [Function],
  "getAllByText": [Function],
  "getAllByTitle": [Function],
  "getByAltText": [Function],
  "getByDisplayValue": [Function],
  "getByLabelText": [Function],
  "getByPlaceholderText": [Function],
  "getByRole": [Function],
  "getByTestId": [Function],
  "getByText": [Function],
  "getByTitle": [Function],
  "queryAllByAltText": [Function],
  "queryAllByDisplayValue": [Function],
  "queryAllByLabelText": [Function],
  "queryAllByPlaceholderText": [Function],
  "queryAllByRole": [Function],
  "queryAllByTestId": [Function],
  "queryAllByText": [Function],
  "queryAllByTitle": [Function],
  "queryByAltText": [Function],
  "queryByDisplayValue": [Function],
  "queryByLabelText": [Function],
  "queryByPlaceholderText": [Function],
  "queryByRole": [Function],
  "queryByTestId": [Function],
  "queryByText": [Function],
  "queryByTitle": [Function],
  "rerender": [Function],
  "unmount": [Function],
}
`;
