// Vitest Snapshot v1, https://vitest.dev/guide/snapshot.html

exports[`Skeleton Details component > skeleton details component snapshot 1`] = `
{
  "asFragment": [Function],
  "baseElement": <body>
    <div>
      <div
        class="_skelPage_56ff8f"
        data-testid="skelDetails"
      >
        <div
          class="_skelImg_56ff8f"
        />
        <div
          class="_descCont_56ff8f"
        >
          <div
            class="_name_56ff8f"
          />
          <div
            class="_description_56ff8f"
          />
        </div>
        <div
          class="_price_56ff8f"
        />
        <div
          class="_tableCont_56ff8f"
        >
          <div
            class="_spec_56ff8f"
          />
          <div
            class="_skelTable_56ff8f"
          >
            <div
              class="_table_56ff8f"
            />
            <div
              class="_table_56ff8f"
            />
          </div>
        </div>
      </div>
    </div>
  </body>,
  "container": <div>
    <div
      class="_skelPage_56ff8f"
      data-testid="skelDetails"
    >
      <div
        class="_skelImg_56ff8f"
      />
      <div
        class="_descCont_56ff8f"
      >
        <div
          class="_name_56ff8f"
        />
        <div
          class="_description_56ff8f"
        />
      </div>
      <div
        class="_price_56ff8f"
      />
      <div
        class="_tableCont_56ff8f"
      >
        <div
          class="_spec_56ff8f"
        />
        <div
          class="_skelTable_56ff8f"
        >
          <div
            class="_table_56ff8f"
          />
          <div
            class="_table_56ff8f"
          />
        </div>
      </div>
    </div>
  </div>,
  "debug": [Function],
  "findAllByAltText": [Function],
  "findAllByDisplayValue": [Function],
  "findAllByLabelText": [Function],
  "findAllByPlaceholderText": [Function],
  "findAllByRole": [Function],
  "findAllByTestId": [Function],
  "findAllByText": [Function],
  "findAllByTitle": [Function],
  "findByAltText": [Function],
  "findByDisplayValue": [Function],
  "findByLabelText": [Function],
  "findByPlaceholderText": [Function],
  "findByRole": [Function],
  "findByTestId": [Function],
  "findByText": [Function],
  "findByTitle": [Function],
  "getAllByAltText": [Function],
  "getAllByDisplayValue": [Function],
  "getAllByLabelText": [Function],
  "getAllByPlaceholderText": [Function],
  "getAllByRole": [Function],
  "getAllByTestId": [Function],
  "getAllByText": [Function],
  "getAllByTitle": [Function],
  "getByAltText": [Function],
  "getByDisplayValue": [Function],
  "getByLabelText": [Function],
  "getByPlaceholderText": [Function],
  "getByRole": [Function],
  "getByTestId": [Function],
  "getByText": [Function],
  "getByTitle": [Function],
  "queryAllByAltText": [Function],
  "queryAllByDisplayValue": [Function],
  "queryAllByLabelText": [Function],
  "queryAllByPlaceholderText": [Function],
  "queryAllByRole": [Function],
  "queryAllByTestId": [Function],
  "queryAllByText": [Function],
  "queryAllByTitle": [Function],
  "queryByAltText": [Function],
  "queryByDisplayValue": [Function],
  "queryByLabelText": [Function],
  "queryByPlaceholderText": [Function],
  "queryByRole": [Function],
  "queryByTestId": [Function],
  "queryByText": [Function],
  "queryByTitle": [Function],
  "rerender": [Function],
  "unmount": [Function],
}
`;
