// Vitest Snapshot v1, https://vitest.dev/guide/snapshot.html

exports[`Cart Summary component > cart summary snapshot test 1`] = `
{
  "asFragment": [Function],
  "baseElement": <body>
    <div>
      <div
        class="_cartSummaryCont_00018c"
      >
        <h2
          class="_summaryHeader_00018c"
        >
          Summary
        </h2>
        <div
          class="_discountWrapper_00018c"
        >
          <div
            class="_discountLayout_00018c"
          >
            <p
              class="_discount_00018c"
            >
              Discount code
            </p>
            <input
              class="_codeInput_00018c"
              placeholder="Type in code..."
            />
          </div>
          <button
            class="_applyBtn_00018c"
          >
            Apply
          </button>
        </div>
        <div
          class="_costCalculation_00018c"
        >
          <div
            class="_wrapper_00018c"
          >
            <p>
              Subtotal
            </p>
            <div
              data-testid="subtotal"
            >
              549,997
            </div>
          </div>
          <div
            class="_wrapper_00018c"
          >
            <div
              class="_shippingCont_00018c"
            >
              <p>
                Shipping
              </p>
              <button
                class="_infoBtn_00018c"
              >
                <img
                  alt="free shipping tooltip"
                  height="17"
                  src="/src/assets/info-circle.svg"
                  width="17"
                />
              </button>
            </div>
            <div
              data-testid="shipping"
            >
              Free
            </div>
          </div>
          <div
            class="_wrapper_00018c"
          >
            <p>
              Discount
            </p>
            <div
              data-testid="discount"
            >
              0
            </div>
          </div>
        </div>
        <div
          class="_totalWrapper_00018c"
        >
          <div
            class="_totalLayout_00018c"
          >
            <h3>
              Total
            </h3>
            <div
              class="_totalPrice_00018c"
              data-testid="total"
            >
              549,997
            </div>
          </div>
          <span
            class="_creditsText_00018c"
          >
            credits
          </span>
        </div>
        <button
          class="_checkoutBtn_00018c"
        >
          Checkout
        </button>
        <a
          class="_continueLink_00018c"
          data-discover="true"
          href="/starships"
        >
          Continue shopping
        </a>
      </div>
    </div>
  </body>,
  "container": <div>
    <div
      class="_cartSummaryCont_00018c"
    >
      <h2
        class="_summaryHeader_00018c"
      >
        Summary
      </h2>
      <div
        class="_discountWrapper_00018c"
      >
        <div
          class="_discountLayout_00018c"
        >
          <p
            class="_discount_00018c"
          >
            Discount code
          </p>
          <input
            class="_codeInput_00018c"
            placeholder="Type in code..."
          />
        </div>
        <button
          class="_applyBtn_00018c"
        >
          Apply
        </button>
      </div>
      <div
        class="_costCalculation_00018c"
      >
        <div
          class="_wrapper_00018c"
        >
          <p>
            Subtotal
          </p>
          <div
            data-testid="subtotal"
          >
            549,997
          </div>
        </div>
        <div
          class="_wrapper_00018c"
        >
          <div
            class="_shippingCont_00018c"
          >
            <p>
              Shipping
            </p>
            <button
              class="_infoBtn_00018c"
            >
              <img
                alt="free shipping tooltip"
                height="17"
                src="/src/assets/info-circle.svg"
                width="17"
              />
            </button>
          </div>
          <div
            data-testid="shipping"
          >
            Free
          </div>
        </div>
        <div
          class="_wrapper_00018c"
        >
          <p>
            Discount
          </p>
          <div
            data-testid="discount"
          >
            0
          </div>
        </div>
      </div>
      <div
        class="_totalWrapper_00018c"
      >
        <div
          class="_totalLayout_00018c"
        >
          <h3>
            Total
          </h3>
          <div
            class="_totalPrice_00018c"
            data-testid="total"
          >
            549,997
          </div>
        </div>
        <span
          class="_creditsText_00018c"
        >
          credits
        </span>
      </div>
      <button
        class="_checkoutBtn_00018c"
      >
        Checkout
      </button>
      <a
        class="_continueLink_00018c"
        data-discover="true"
        href="/starships"
      >
        Continue shopping
      </a>
    </div>
  </div>,
  "debug": [Function],
  "findAllByAltText": [Function],
  "findAllByDisplayValue": [Function],
  "findAllByLabelText": [Function],
  "findAllByPlaceholderText": [Function],
  "findAllByRole": [Function],
  "findAllByTestId": [Function],
  "findAllByText": [Function],
  "findAllByTitle": [Function],
  "findByAltText": [Function],
  "findByDisplayValue": [Function],
  "findByLabelText": [Function],
  "findByPlaceholderText": [Function],
  "findByRole": [Function],
  "findByTestId": [Function],
  "findByText": [Function],
  "findByTitle": [Function],
  "getAllByAltText": [Function],
  "getAllByDisplayValue": [Function],
  "getAllByLabelText": [Function],
  "getAllByPlaceholderText": [Function],
  "getAllByRole": [Function],
  "getAllByTestId": [Function],
  "getAllByText": [Function],
  "getAllByTitle": [Function],
  "getByAltText": [Function],
  "getByDisplayValue": [Function],
  "getByLabelText": [Function],
  "getByPlaceholderText": [Function],
  "getByRole": [Function],
  "getByTestId": [Function],
  "getByText": [Function],
  "getByTitle": [Function],
  "queryAllByAltText": [Function],
  "queryAllByDisplayValue": [Function],
  "queryAllByLabelText": [Function],
  "queryAllByPlaceholderText": [Function],
  "queryAllByRole": [Function],
  "queryAllByTestId": [Function],
  "queryAllByText": [Function],
  "queryAllByTitle": [Function],
  "queryByAltText": [Function],
  "queryByDisplayValue": [Function],
  "queryByLabelText": [Function],
  "queryByPlaceholderText": [Function],
  "queryByRole": [Function],
  "queryByTestId": [Function],
  "queryByText": [Function],
  "queryByTitle": [Function],
  "rerender": [Function],
  "unmount": [Function],
}
`;
