// Vitest Snapshot v1, https://vitest.dev/guide/snapshot.html

exports[`Homepage's Carousel Section component > Carousel Section snapshot 1`] = `
{
  "asFragment": [Function],
  "baseElement": <body>
    <div>
      <section
        class="_carouselSection_d6bb1e"
        id="toscroll"
      >
        <div
          class="_carouselCont_d6bb1e"
        >
          <div
            class="_carouselTrack_d6bb1e"
            style="transform: translateX(-0vw);"
          >
            <div
              aria-hidden="false"
              class="_slideCont_d6bb1e"
              data-testid="carouselSlide"
            >
              <img
                alt="Star Destroyer Capital ship"
                src="/src/assets/star-destroyer.jpg"
              />
              <div
                class="_carouselMarketingText_d6bb1e"
              >
                <h2
                  class="_standardText_d6bb1e"
                >
                  Only a Sith Deals in Full Retail. Shop Our Discounts!
                </h2>
                <div
                  class="_marketingPositioningCont_d6bb1e"
                >
                  <div>
                    <p
                      class="_imperial_d6bb1e"
                      title="Imperial"
                    >
                      Only a Sith Deals in Full Retail. Shop Our Discounts!
                    </p>
                    <p
                      class="_naboo_d6bb1e"
                      title="Naboo"
                    >
                      Only a Sith Deals in Full Retail. Shop Our Discounts!
                    </p>
                  </div>
                  <a
                    data-discover="true"
                    data-testid="storeLink"
                    href="/starships/capital"
                  >
                    <button
                      class="_shopCapitalBtn_d6bb1e"
                    >
                      Best Capital Ships in the Galaxy - Shop Now!
                    </button>
                  </a>
                </div>
              </div>
            </div>
            <div
              aria-hidden="true"
              class="_slideCont_d6bb1e"
              data-testid="carouselSlide"
            >
              <img
                alt="Slave I starship"
                src="/src/assets/slave-i.jpg"
              />
              <div
                class="_carouselMarketingText_d6bb1e"
              >
                <h2
                  class="_standardText_d6bb1e"
                >
                  Bounty Hunting Is a Complicated Profession — Get the Right Ship!
                </h2>
                <div
                  class="_marketingPositioningCont_d6bb1e"
                >
                  <div>
                    <p
                      class="_imperial_d6bb1e"
                      title="Imperial"
                    >
                      Bounty Hunting Is a Complicated Profession — Get the Right Ship!
                    </p>
                    <p
                      class="_naboo_d6bb1e"
                      title="Naboo"
                    >
                      Bounty Hunting Is a Complicated Profession — Get the Right Ship!
                    </p>
                  </div>
                  <a
                    data-discover="true"
                    data-testid="storeLink"
                    href="/starships/starfighter"
                  >
                    <button
                      class="_shopCapitalBtn_d6bb1e"
                    >
                      Unleash Your Inner Pilot — Buy a Starfighter!
                    </button>
                  </a>
                </div>
              </div>
            </div>
            <div
              aria-hidden="true"
              class="_slideCont_d6bb1e"
              data-testid="carouselSlide"
            >
              <img
                alt="Imperial Shuttle Transport ship"
                src="/src/assets/imperial-shuttle.jpg"
              />
              <div
                class="_carouselMarketingText_d6bb1e"
              >
                <h2
                  class="_standardText_d6bb1e"
                >
                  More Than a Ship — A Lifestyle.
                </h2>
                <div
                  class="_marketingPositioningCont_d6bb1e"
                >
                  <div>
                    <p
                      class="_imperial_d6bb1e"
                      title="Imperial"
                    >
                      More Than a Ship — A Lifestyle.
                    </p>
                    <p
                      class="_naboo_d6bb1e"
                      title="Naboo"
                    >
                      More Than a Ship — A Lifestyle.
                    </p>
                  </div>
                  <a
                    data-discover="true"
                    data-testid="storeLink"
                    href="/starships/transport"
                  >
                    <button
                      class="_shopCapitalBtn_d6bb1e"
                    >
                      Shop Elegance — Shop Our Transport Starships!
                    </button>
                  </a>
                </div>
              </div>
            </div>
          </div>
          <div
            class="_carouselQuickNav_d6bb1e"
          >
            <button
              class="_carouselQuickNavBtn_d6bb1e"
              data-testid="quickNavBtn"
            >
              <div
                class="
								_navSquare_d6bb1e 
								_active_d6bb1e
							"
              />
            </button>
            <button
              class="_carouselQuickNavBtn_d6bb1e"
              data-testid="quickNavBtn"
            >
              <div
                class="
								_navSquare_d6bb1e 
								
							"
              />
            </button>
            <button
              class="_carouselQuickNavBtn_d6bb1e"
              data-testid="quickNavBtn"
            >
              <div
                class="
								_navSquare_d6bb1e 
								
							"
              />
            </button>
          </div>
        </div>
        <button
          class="_leftArrow_d6bb1e"
          data-testid="leftBtn"
        >
          <img
            alt="left arrow"
            src="/src/assets/carousel-left-arrow.svg"
            width="30"
          />
        </button>
        <button
          class="_rightArrow_d6bb1e"
          data-testid="rightBtn"
        >
          <img
            alt="right arrow"
            src="/src/assets/carousel-right-arrow.svg"
            width="30"
          />
        </button>
      </section>
    </div>
  </body>,
  "container": <div>
    <section
      class="_carouselSection_d6bb1e"
      id="toscroll"
    >
      <div
        class="_carouselCont_d6bb1e"
      >
        <div
          class="_carouselTrack_d6bb1e"
          style="transform: translateX(-0vw);"
        >
          <div
            aria-hidden="false"
            class="_slideCont_d6bb1e"
            data-testid="carouselSlide"
          >
            <img
              alt="Star Destroyer Capital ship"
              src="/src/assets/star-destroyer.jpg"
            />
            <div
              class="_carouselMarketingText_d6bb1e"
            >
              <h2
                class="_standardText_d6bb1e"
              >
                Only a Sith Deals in Full Retail. Shop Our Discounts!
              </h2>
              <div
                class="_marketingPositioningCont_d6bb1e"
              >
                <div>
                  <p
                    class="_imperial_d6bb1e"
                    title="Imperial"
                  >
                    Only a Sith Deals in Full Retail. Shop Our Discounts!
                  </p>
                  <p
                    class="_naboo_d6bb1e"
                    title="Naboo"
                  >
                    Only a Sith Deals in Full Retail. Shop Our Discounts!
                  </p>
                </div>
                <a
                  data-discover="true"
                  data-testid="storeLink"
                  href="/starships/capital"
                >
                  <button
                    class="_shopCapitalBtn_d6bb1e"
                  >
                    Best Capital Ships in the Galaxy - Shop Now!
                  </button>
                </a>
              </div>
            </div>
          </div>
          <div
            aria-hidden="true"
            class="_slideCont_d6bb1e"
            data-testid="carouselSlide"
          >
            <img
              alt="Slave I starship"
              src="/src/assets/slave-i.jpg"
            />
            <div
              class="_carouselMarketingText_d6bb1e"
            >
              <h2
                class="_standardText_d6bb1e"
              >
                Bounty Hunting Is a Complicated Profession — Get the Right Ship!
              </h2>
              <div
                class="_marketingPositioningCont_d6bb1e"
              >
                <div>
                  <p
                    class="_imperial_d6bb1e"
                    title="Imperial"
                  >
                    Bounty Hunting Is a Complicated Profession — Get the Right Ship!
                  </p>
                  <p
                    class="_naboo_d6bb1e"
                    title="Naboo"
                  >
                    Bounty Hunting Is a Complicated Profession — Get the Right Ship!
                  </p>
                </div>
                <a
                  data-discover="true"
                  data-testid="storeLink"
                  href="/starships/starfighter"
                >
                  <button
                    class="_shopCapitalBtn_d6bb1e"
                  >
                    Unleash Your Inner Pilot — Buy a Starfighter!
                  </button>
                </a>
              </div>
            </div>
          </div>
          <div
            aria-hidden="true"
            class="_slideCont_d6bb1e"
            data-testid="carouselSlide"
          >
            <img
              alt="Imperial Shuttle Transport ship"
              src="/src/assets/imperial-shuttle.jpg"
            />
            <div
              class="_carouselMarketingText_d6bb1e"
            >
              <h2
                class="_standardText_d6bb1e"
              >
                More Than a Ship — A Lifestyle.
              </h2>
              <div
                class="_marketingPositioningCont_d6bb1e"
              >
                <div>
                  <p
                    class="_imperial_d6bb1e"
                    title="Imperial"
                  >
                    More Than a Ship — A Lifestyle.
                  </p>
                  <p
                    class="_naboo_d6bb1e"
                    title="Naboo"
                  >
                    More Than a Ship — A Lifestyle.
                  </p>
                </div>
                <a
                  data-discover="true"
                  data-testid="storeLink"
                  href="/starships/transport"
                >
                  <button
                    class="_shopCapitalBtn_d6bb1e"
                  >
                    Shop Elegance — Shop Our Transport Starships!
                  </button>
                </a>
              </div>
            </div>
          </div>
        </div>
        <div
          class="_carouselQuickNav_d6bb1e"
        >
          <button
            class="_carouselQuickNavBtn_d6bb1e"
            data-testid="quickNavBtn"
          >
            <div
              class="
								_navSquare_d6bb1e 
								_active_d6bb1e
							"
            />
          </button>
          <button
            class="_carouselQuickNavBtn_d6bb1e"
            data-testid="quickNavBtn"
          >
            <div
              class="
								_navSquare_d6bb1e 
								
							"
            />
          </button>
          <button
            class="_carouselQuickNavBtn_d6bb1e"
            data-testid="quickNavBtn"
          >
            <div
              class="
								_navSquare_d6bb1e 
								
							"
            />
          </button>
        </div>
      </div>
      <button
        class="_leftArrow_d6bb1e"
        data-testid="leftBtn"
      >
        <img
          alt="left arrow"
          src="/src/assets/carousel-left-arrow.svg"
          width="30"
        />
      </button>
      <button
        class="_rightArrow_d6bb1e"
        data-testid="rightBtn"
      >
        <img
          alt="right arrow"
          src="/src/assets/carousel-right-arrow.svg"
          width="30"
        />
      </button>
    </section>
  </div>,
  "debug": [Function],
  "findAllByAltText": [Function],
  "findAllByDisplayValue": [Function],
  "findAllByLabelText": [Function],
  "findAllByPlaceholderText": [Function],
  "findAllByRole": [Function],
  "findAllByTestId": [Function],
  "findAllByText": [Function],
  "findAllByTitle": [Function],
  "findByAltText": [Function],
  "findByDisplayValue": [Function],
  "findByLabelText": [Function],
  "findByPlaceholderText": [Function],
  "findByRole": [Function],
  "findByTestId": [Function],
  "findByText": [Function],
  "findByTitle": [Function],
  "getAllByAltText": [Function],
  "getAllByDisplayValue": [Function],
  "getAllByLabelText": [Function],
  "getAllByPlaceholderText": [Function],
  "getAllByRole": [Function],
  "getAllByTestId": [Function],
  "getAllByText": [Function],
  "getAllByTitle": [Function],
  "getByAltText": [Function],
  "getByDisplayValue": [Function],
  "getByLabelText": [Function],
  "getByPlaceholderText": [Function],
  "getByRole": [Function],
  "getByTestId": [Function],
  "getByText": [Function],
  "getByTitle": [Function],
  "queryAllByAltText": [Function],
  "queryAllByDisplayValue": [Function],
  "queryAllByLabelText": [Function],
  "queryAllByPlaceholderText": [Function],
  "queryAllByRole": [Function],
  "queryAllByTestId": [Function],
  "queryAllByText": [Function],
  "queryAllByTitle": [Function],
  "queryByAltText": [Function],
  "queryByDisplayValue": [Function],
  "queryByLabelText": [Function],
  "queryByPlaceholderText": [Function],
  "queryByRole": [Function],
  "queryByTestId": [Function],
  "queryByText": [Function],
  "queryByTitle": [Function],
  "rerender": [Function],
  "unmount": [Function],
}
`;
