// Vitest Snapshot v1, https://vitest.dev/guide/snapshot.html

exports[`Footer component > Footer component snapshot 1`] = `
{
  "asFragment": [Function],
  "baseElement": <body>
    <div>
      <div
        class="_footerCont_eb428f"
      >
        <div
          class="_mainFooterWrapper_eb428f _layoutWrapper_aadc39"
        >
          <div
            class="_contactCont_eb428f"
          >
            <div
              class="_locationCont_eb428f"
            >
              <div
                class="_iconCont_eb428f"
              >
                <img
                  alt="location icon"
                  src="/src/assets/icons/location.svg"
                  title="Location"
                  width="30"
                />
              </div>
              <div
                class="_location_eb428f"
              >
                <p
                  class="_address_eb428f"
                >
                  Orbital Assembly Facility 7
                </p>
                <p>
                  Corellia, Corellian System
                </p>
                <p>
                  Corellia Sector, Core Worlds
                </p>
              </div>
            </div>
            <div
              class="_emailCont_eb428f"
            >
              <div
                class="_iconCont_eb428f"
              >
                <img
                  alt="email icon"
                  src="/src/assets/icons/email.svg"
                  title="Email"
                  width="30"
                />
              </div>
              <p>
                sw_shipyard@corellia.cec
              </p>
            </div>
            <div
              class="_webpageCont_eb428f"
            >
              <div
                class="_iconCont_eb428f"
              >
                <img
                  alt="webpage icon"
                  src="/src/assets/icons/website.svg"
                  title="Webpage"
                  width="30"
                />
              </div>
              <a
                data-testid="webpageLink"
                href="https://starwars.fandom.com/wiki/Corellian_Engineering_Corporation"
              >
                Corellian Engineering Corporation
              </a>
            </div>
          </div>
          <div
            class="_companyCont_eb428f"
          >
            <button>
              <a
                data-discover="true"
                href="/#aboutUsSection"
              >
                About Us
              </a>
            </button>
            <button>
              Our Services
            </button>
            <button>
              Privacy Policy
            </button>
            <button>
              <a
                data-discover="true"
                href="/contact"
              >
                Contact
              </a>
            </button>
          </div>
          <div
            class="_partnersCont_eb428f"
          >
            <div
              class="_iconWrapper_eb428f"
            >
              <div
                class="_partnersTopRow_eb428f"
              >
                <a
                  class="_linkEl_eb428f"
                  data-testid="cecLink"
                  href="https://starwars.fandom.com/wiki/Corellian_Engineering_Corporation"
                >
                  <img
                    alt="Corellian Engineering Corporation icon"
                    src="/src/assets/icons/Corellian_Engineering_Corporation.svg"
                    title="Corellian Engineering Corporation"
                    width="55"
                  />
                </a>
                <a
                  class="_linkEl_eb428f"
                  data-testid="cfLink"
                  href="https://starwars.fandom.com/wiki/Confederation"
                >
                  <img
                    alt="Corellian Federation icon"
                    src="/src/assets/icons/Corellian_Federation_logo.webp"
                    title="Corellian Federation"
                    width="55"
                  />
                </a>
              </div>
              <div
                class="_partnersBottomRow_eb428f"
              >
                <a
                  class="_linkEl_eb428f"
                  data-testid="kdyLink"
                  href="https://starwars.fandom.com/wiki/Kuat_Drive_Yards"
                >
                  <img
                    alt="Kuat Drive Yards icon"
                    src="/src/assets/icons/Kuat-Drive-Yards.svg"
                    title="Kuat Drive Yards"
                    width="55"
                  />
                </a>
                <a
                  class="_linkEl_eb428f"
                  data-testid="fondorLink"
                  href="https://starwars.fandom.com/wiki/Fondor_Shipyards"
                >
                  <img
                    alt="Fondor Shipyards icon"
                    src="/src/assets/icons/Fondor-Shipyards.jpg"
                    title="Fondor Shipyards"
                    width="55"
                  />
                </a>
              </div>
            </div>
          </div>
        </div>
        <div
          class="_copyrightCont_eb428f"
        >
          <div
            class="_copyrightText_eb428f"
          >
            <p>
              Copyright Â© 2025 Star Wars Shipyard limited. All rights Reserved.
            </p>
            <p
              class="_disclaimer_eb428f"
            >
              *This is a placeholder. It is a fan project made with no commercial desire in mind.
            </p>
          </div>
          <a
            class="_githubLink_eb428f"
            data-testid="githubLink"
            href="https://github.com/Dimitrije108/shopping-cart"
          >
            <img
              alt="github icon"
              src="/src/assets/icons/github-mark-white.svg"
              title="GitHub"
            />
          </a>
        </div>
      </div>
    </div>
  </body>,
  "container": <div>
    <div
      class="_footerCont_eb428f"
    >
      <div
        class="_mainFooterWrapper_eb428f _layoutWrapper_aadc39"
      >
        <div
          class="_contactCont_eb428f"
        >
          <div
            class="_locationCont_eb428f"
          >
            <div
              class="_iconCont_eb428f"
            >
              <img
                alt="location icon"
                src="/src/assets/icons/location.svg"
                title="Location"
                width="30"
              />
            </div>
            <div
              class="_location_eb428f"
            >
              <p
                class="_address_eb428f"
              >
                Orbital Assembly Facility 7
              </p>
              <p>
                Corellia, Corellian System
              </p>
              <p>
                Corellia Sector, Core Worlds
              </p>
            </div>
          </div>
          <div
            class="_emailCont_eb428f"
          >
            <div
              class="_iconCont_eb428f"
            >
              <img
                alt="email icon"
                src="/src/assets/icons/email.svg"
                title="Email"
                width="30"
              />
            </div>
            <p>
              sw_shipyard@corellia.cec
            </p>
          </div>
          <div
            class="_webpageCont_eb428f"
          >
            <div
              class="_iconCont_eb428f"
            >
              <img
                alt="webpage icon"
                src="/src/assets/icons/website.svg"
                title="Webpage"
                width="30"
              />
            </div>
            <a
              data-testid="webpageLink"
              href="https://starwars.fandom.com/wiki/Corellian_Engineering_Corporation"
            >
              Corellian Engineering Corporation
            </a>
          </div>
        </div>
        <div
          class="_companyCont_eb428f"
        >
          <button>
            <a
              data-discover="true"
              href="/#aboutUsSection"
            >
              About Us
            </a>
          </button>
          <button>
            Our Services
          </button>
          <button>
            Privacy Policy
          </button>
          <button>
            <a
              data-discover="true"
              href="/contact"
            >
              Contact
            </a>
          </button>
        </div>
        <div
          class="_partnersCont_eb428f"
        >
          <div
            class="_iconWrapper_eb428f"
          >
            <div
              class="_partnersTopRow_eb428f"
            >
              <a
                class="_linkEl_eb428f"
                data-testid="cecLink"
                href="https://starwars.fandom.com/wiki/Corellian_Engineering_Corporation"
              >
                <img
                  alt="Corellian Engineering Corporation icon"
                  src="/src/assets/icons/Corellian_Engineering_Corporation.svg"
                  title="Corellian Engineering Corporation"
                  width="55"
                />
              </a>
              <a
                class="_linkEl_eb428f"
                data-testid="cfLink"
                href="https://starwars.fandom.com/wiki/Confederation"
              >
                <img
                  alt="Corellian Federation icon"
                  src="/src/assets/icons/Corellian_Federation_logo.webp"
                  title="Corellian Federation"
                  width="55"
                />
              </a>
            </div>
            <div
              class="_partnersBottomRow_eb428f"
            >
              <a
                class="_linkEl_eb428f"
                data-testid="kdyLink"
                href="https://starwars.fandom.com/wiki/Kuat_Drive_Yards"
              >
                <img
                  alt="Kuat Drive Yards icon"
                  src="/src/assets/icons/Kuat-Drive-Yards.svg"
                  title="Kuat Drive Yards"
                  width="55"
                />
              </a>
              <a
                class="_linkEl_eb428f"
                data-testid="fondorLink"
                href="https://starwars.fandom.com/wiki/Fondor_Shipyards"
              >
                <img
                  alt="Fondor Shipyards icon"
                  src="/src/assets/icons/Fondor-Shipyards.jpg"
                  title="Fondor Shipyards"
                  width="55"
                />
              </a>
            </div>
          </div>
        </div>
      </div>
      <div
        class="_copyrightCont_eb428f"
      >
        <div
          class="_copyrightText_eb428f"
        >
          <p>
            Copyright Â© 2025 Star Wars Shipyard limited. All rights Reserved.
          </p>
          <p
            class="_disclaimer_eb428f"
          >
            *This is a placeholder. It is a fan project made with no commercial desire in mind.
          </p>
        </div>
        <a
          class="_githubLink_eb428f"
          data-testid="githubLink"
          href="https://github.com/Dimitrije108/shopping-cart"
        >
          <img
            alt="github icon"
            src="/src/assets/icons/github-mark-white.svg"
            title="GitHub"
          />
        </a>
      </div>
    </div>
  </div>,
  "debug": [Function],
  "findAllByAltText": [Function],
  "findAllByDisplayValue": [Function],
  "findAllByLabelText": [Function],
  "findAllByPlaceholderText": [Function],
  "findAllByRole": [Function],
  "findAllByTestId": [Function],
  "findAllByText": [Function],
  "findAllByTitle": [Function],
  "findByAltText": [Function],
  "findByDisplayValue": [Function],
  "findByLabelText": [Function],
  "findByPlaceholderText": [Function],
  "findByRole": [Function],
  "findByTestId": [Function],
  "findByText": [Function],
  "findByTitle": [Function],
  "getAllByAltText": [Function],
  "getAllByDisplayValue": [Function],
  "getAllByLabelText": [Function],
  "getAllByPlaceholderText": [Function],
  "getAllByRole": [Function],
  "getAllByTestId": [Function],
  "getAllByText": [Function],
  "getAllByTitle": [Function],
  "getByAltText": [Function],
  "getByDisplayValue": [Function],
  "getByLabelText": [Function],
  "getByPlaceholderText": [Function],
  "getByRole": [Function],
  "getByTestId": [Function],
  "getByText": [Function],
  "getByTitle": [Function],
  "queryAllByAltText": [Function],
  "queryAllByDisplayValue": [Function],
  "queryAllByLabelText": [Function],
  "queryAllByPlaceholderText": [Function],
  "queryAllByRole": [Function],
  "queryAllByTestId": [Function],
  "queryAllByText": [Function],
  "queryAllByTitle": [Function],
  "queryByAltText": [Function],
  "queryByDisplayValue": [Function],
  "queryByLabelText": [Function],
  "queryByPlaceholderText": [Function],
  "queryByRole": [Function],
  "queryByTestId": [Function],
  "queryByText": [Function],
  "queryByTitle": [Function],
  "rerender": [Function],
  "unmount": [Function],
}
`;
