// Vitest Snapshot v1, https://vitest.dev/guide/snapshot.html

exports[`Homepage's About Us Section component > About Us Section snapshot 1`] = `
{
  "asFragment": [Function],
  "baseElement": <body>
    <div>
      <section
        class="_aboutUsSection_bf1662"
      >
        <div
          class="_aboutUsWrapper_bf1662"
        >
          <h2>
            About Us
          </h2>
          <div
            class="_aboutUsText_bf1662"
          >
            <p>
              At 
              <span
                class="_bold_bf1662"
              >
                Shipyard
              </span>
              , as part of the 
              <span
                class="_bold_bf1662"
              >
                Corellian Engineering Corporation (CEC)
              </span>
              , we’ve been at the forefront of starship innovation for generations. Known across the galaxy for producing some of the most reliable and customizable vessels, our ships are designed for traders, adventurers, and defense forces alike.
            </p>
            <p>
              Whether you're smuggling spice through Hutt space, running high-priority cargo for the Republic, or just looking to outrun Imperial entanglements, we’ve got the perfect ship for you. From the legendary 
              <span
                class="_bold_bf1662"
              >
                YT-series freighters
              </span>
              , including the YT-1300, to the battle-tested 
              <span
                class="_bold_bf1662"
              >
                CR90 corvettes
              </span>
              , our catalog features ships engineered for performance, endurance, and adaptability. Whether you’re a privateer in need of a durable transport or a fleet commander seeking tactical superiority, CEC offers unparalleled craftsmanship and modularity to suit every need.
            </p>
            <p>
              Every ship we build carries the spirit of 
              <span
                class="_bold_bf1662"
              >
                Corellian ingenuity
              </span>
              —fast, tough, and endlessly upgradeable. Explore our selection today and see why 
              <span
                class="_bold_bf1662"
              >
                Shipyard
              </span>
               is the top choice for independent pilots and galactic fleets alike.
            </p>
          </div>
          <div
            class="_aboutUsLogo_bf1662"
          >
            <h3
              title="Shipyard"
            >
              Shipyard
            </h3>
            <img
              alt="Corellia Engineering Corporation logo"
              class="_cecLogo_bf1662"
              src="/src/assets/Corellian_Engineering_Corporation.svg"
              title="Corellia Engineering Corporation"
              width="120"
            />
          </div>
        </div>
      </section>
    </div>
  </body>,
  "container": <div>
    <section
      class="_aboutUsSection_bf1662"
    >
      <div
        class="_aboutUsWrapper_bf1662"
      >
        <h2>
          About Us
        </h2>
        <div
          class="_aboutUsText_bf1662"
        >
          <p>
            At 
            <span
              class="_bold_bf1662"
            >
              Shipyard
            </span>
            , as part of the 
            <span
              class="_bold_bf1662"
            >
              Corellian Engineering Corporation (CEC)
            </span>
            , we’ve been at the forefront of starship innovation for generations. Known across the galaxy for producing some of the most reliable and customizable vessels, our ships are designed for traders, adventurers, and defense forces alike.
          </p>
          <p>
            Whether you're smuggling spice through Hutt space, running high-priority cargo for the Republic, or just looking to outrun Imperial entanglements, we’ve got the perfect ship for you. From the legendary 
            <span
              class="_bold_bf1662"
            >
              YT-series freighters
            </span>
            , including the YT-1300, to the battle-tested 
            <span
              class="_bold_bf1662"
            >
              CR90 corvettes
            </span>
            , our catalog features ships engineered for performance, endurance, and adaptability. Whether you’re a privateer in need of a durable transport or a fleet commander seeking tactical superiority, CEC offers unparalleled craftsmanship and modularity to suit every need.
          </p>
          <p>
            Every ship we build carries the spirit of 
            <span
              class="_bold_bf1662"
            >
              Corellian ingenuity
            </span>
            —fast, tough, and endlessly upgradeable. Explore our selection today and see why 
            <span
              class="_bold_bf1662"
            >
              Shipyard
            </span>
             is the top choice for independent pilots and galactic fleets alike.
          </p>
        </div>
        <div
          class="_aboutUsLogo_bf1662"
        >
          <h3
            title="Shipyard"
          >
            Shipyard
          </h3>
          <img
            alt="Corellia Engineering Corporation logo"
            class="_cecLogo_bf1662"
            src="/src/assets/Corellian_Engineering_Corporation.svg"
            title="Corellia Engineering Corporation"
            width="120"
          />
        </div>
      </div>
    </section>
  </div>,
  "debug": [Function],
  "findAllByAltText": [Function],
  "findAllByDisplayValue": [Function],
  "findAllByLabelText": [Function],
  "findAllByPlaceholderText": [Function],
  "findAllByRole": [Function],
  "findAllByTestId": [Function],
  "findAllByText": [Function],
  "findAllByTitle": [Function],
  "findByAltText": [Function],
  "findByDisplayValue": [Function],
  "findByLabelText": [Function],
  "findByPlaceholderText": [Function],
  "findByRole": [Function],
  "findByTestId": [Function],
  "findByText": [Function],
  "findByTitle": [Function],
  "getAllByAltText": [Function],
  "getAllByDisplayValue": [Function],
  "getAllByLabelText": [Function],
  "getAllByPlaceholderText": [Function],
  "getAllByRole": [Function],
  "getAllByTestId": [Function],
  "getAllByText": [Function],
  "getAllByTitle": [Function],
  "getByAltText": [Function],
  "getByDisplayValue": [Function],
  "getByLabelText": [Function],
  "getByPlaceholderText": [Function],
  "getByRole": [Function],
  "getByTestId": [Function],
  "getByText": [Function],
  "getByTitle": [Function],
  "queryAllByAltText": [Function],
  "queryAllByDisplayValue": [Function],
  "queryAllByLabelText": [Function],
  "queryAllByPlaceholderText": [Function],
  "queryAllByRole": [Function],
  "queryAllByTestId": [Function],
  "queryAllByText": [Function],
  "queryAllByTitle": [Function],
  "queryByAltText": [Function],
  "queryByDisplayValue": [Function],
  "queryByLabelText": [Function],
  "queryByPlaceholderText": [Function],
  "queryByRole": [Function],
  "queryByTestId": [Function],
  "queryByText": [Function],
  "queryByTitle": [Function],
  "rerender": [Function],
  "unmount": [Function],
}
`;
