// Vitest Snapshot v1, https://vitest.dev/guide/snapshot.html

exports[`Ship Card component > ship card component snapshot 1`] = `
{
  "asFragment": [Function],
  "baseElement": <body>
    <div>
      <a
        data-discover="true"
        href="/starships/starfighter/1234567890"
      >
        <div
          class="_shipCard_4857ee"
          data-testid="shipCard"
        >
          <div
            class="_showDetails_4857ee"
          >
            <img
              class="_arrow_4857ee"
              height="15"
              src="/src/assets/right-arrow.svg"
              width="15"
            />
            <img
              class="_arrow_4857ee"
              height="15"
              src="/src/assets/right-arrow.svg"
              width="15"
            />
            <img
              class="_arrow_4857ee"
              height="15"
              src="/src/assets/right-arrow.svg"
              width="15"
            />
          </div>
          <div
            class="_imgCont_4857ee"
            data-testid="imgCont"
            style="background-image: url(https://lumiere-a.akamaihd.net/v1/images/millennium-falcon-main-tlj-a_7cf89d3a.jpeg);"
          />
          <div
            class="_infoCont_4857ee"
          >
            <div
              class="_nameCont_4857ee"
            >
              <h2
                class="_name_4857ee"
              >
                Millennium Falcon
              </h2>
              <div>
                <p
                  class="_imperial_4857ee"
                >
                  Millennium Falcon
                </p>
                <p
                  class="_naboo_4857ee"
                >
                  Millennium Falcon
                </p>
              </div>
            </div>
            <div
              class="_buyCont_4857ee"
            >
              <div
                class="_priceCont_4857ee"
              >
                <div>
                  100,000
                </div>
                <p>
                  credits
                </p>
              </div>
              <button
                class="_addBtn_4857ee"
              >
                ADD
              </button>
            </div>
          </div>
        </div>
      </a>
    </div>
  </body>,
  "container": <div>
    <a
      data-discover="true"
      href="/starships/starfighter/1234567890"
    >
      <div
        class="_shipCard_4857ee"
        data-testid="shipCard"
      >
        <div
          class="_showDetails_4857ee"
        >
          <img
            class="_arrow_4857ee"
            height="15"
            src="/src/assets/right-arrow.svg"
            width="15"
          />
          <img
            class="_arrow_4857ee"
            height="15"
            src="/src/assets/right-arrow.svg"
            width="15"
          />
          <img
            class="_arrow_4857ee"
            height="15"
            src="/src/assets/right-arrow.svg"
            width="15"
          />
        </div>
        <div
          class="_imgCont_4857ee"
          data-testid="imgCont"
          style="background-image: url(https://lumiere-a.akamaihd.net/v1/images/millennium-falcon-main-tlj-a_7cf89d3a.jpeg);"
        />
        <div
          class="_infoCont_4857ee"
        >
          <div
            class="_nameCont_4857ee"
          >
            <h2
              class="_name_4857ee"
            >
              Millennium Falcon
            </h2>
            <div>
              <p
                class="_imperial_4857ee"
              >
                Millennium Falcon
              </p>
              <p
                class="_naboo_4857ee"
              >
                Millennium Falcon
              </p>
            </div>
          </div>
          <div
            class="_buyCont_4857ee"
          >
            <div
              class="_priceCont_4857ee"
            >
              <div>
                100,000
              </div>
              <p>
                credits
              </p>
            </div>
            <button
              class="_addBtn_4857ee"
            >
              ADD
            </button>
          </div>
        </div>
      </div>
    </a>
  </div>,
  "debug": [Function],
  "findAllByAltText": [Function],
  "findAllByDisplayValue": [Function],
  "findAllByLabelText": [Function],
  "findAllByPlaceholderText": [Function],
  "findAllByRole": [Function],
  "findAllByTestId": [Function],
  "findAllByText": [Function],
  "findAllByTitle": [Function],
  "findByAltText": [Function],
  "findByDisplayValue": [Function],
  "findByLabelText": [Function],
  "findByPlaceholderText": [Function],
  "findByRole": [Function],
  "findByTestId": [Function],
  "findByText": [Function],
  "findByTitle": [Function],
  "getAllByAltText": [Function],
  "getAllByDisplayValue": [Function],
  "getAllByLabelText": [Function],
  "getAllByPlaceholderText": [Function],
  "getAllByRole": [Function],
  "getAllByTestId": [Function],
  "getAllByText": [Function],
  "getAllByTitle": [Function],
  "getByAltText": [Function],
  "getByDisplayValue": [Function],
  "getByLabelText": [Function],
  "getByPlaceholderText": [Function],
  "getByRole": [Function],
  "getByTestId": [Function],
  "getByText": [Function],
  "getByTitle": [Function],
  "queryAllByAltText": [Function],
  "queryAllByDisplayValue": [Function],
  "queryAllByLabelText": [Function],
  "queryAllByPlaceholderText": [Function],
  "queryAllByRole": [Function],
  "queryAllByTestId": [Function],
  "queryAllByText": [Function],
  "queryAllByTitle": [Function],
  "queryByAltText": [Function],
  "queryByDisplayValue": [Function],
  "queryByLabelText": [Function],
  "queryByPlaceholderText": [Function],
  "queryByRole": [Function],
  "queryByTestId": [Function],
  "queryByText": [Function],
  "queryByTitle": [Function],
  "rerender": [Function],
  "unmount": [Function],
}
`;
