// Vitest Snapshot v1, https://vitest.dev/guide/snapshot.html

exports[`Cart Item component > cart item component snapshot 1`] = `
{
  "asFragment": [Function],
  "baseElement": <body>
    <div>
      <div
        class="_cartItemCont_6dc023"
        data-testid="cartItem"
      >
        <hr
          class="_horizontalLine_6dc023"
        />
        <div
          class="_cartItem_6dc023"
        >
          <a
            data-discover="true"
            href="/starships/starfighter/6429291f021f17e13fbc1db9"
          >
            <div
              class="_imgCont_6dc023"
            >
              <img
                alt="Millennium Falcon starship"
                src="https://lumiere-a.akamaihd.net/v1/images/millennium-falcon-main-tlj-a_7cf89d3a.jpeg"
              />
            </div>
          </a>
          <a
            data-discover="true"
            href="/starships/starfighter/6429291f021f17e13fbc1db9"
          >
            <div
              class="_nameCont_6dc023"
            >
              <h2
                class="_name_6dc023"
              >
                Millennium Falcon
              </h2>
              <div>
                <p
                  class="_imperial_6dc023"
                >
                  Millennium Falcon
                </p>
                <p
                  class="_naboo_6dc023"
                >
                  Millennium Falcon
                </p>
              </div>
            </div>
          </a>
          <div
            class="_cont_3c2471"
          >
            <button
              class="_leftBtn_3c2471"
            >
              -
            </button>
            <input
              class="_quantityInput_3c2471"
              max="20"
              min="1"
              type="number"
              value="1"
            />
            <button
              class="_rightBtn_3c2471"
            >
              +
            </button>
          </div>
          <div
            class="_priceCont_6dc023"
          >
            <button
              class="_delBtn_6dc023"
            >
              <img
                alt="trashcan remove icon"
                height="28"
                src="/src/assets/trash.svg"
                width="28"
              />
            </button>
            <p>
              <span
                class="_itemQuantity_6dc023"
              >
                1x 
              </span>
              100,000
            </p>
          </div>
        </div>
      </div>
    </div>
  </body>,
  "container": <div>
    <div
      class="_cartItemCont_6dc023"
      data-testid="cartItem"
    >
      <hr
        class="_horizontalLine_6dc023"
      />
      <div
        class="_cartItem_6dc023"
      >
        <a
          data-discover="true"
          href="/starships/starfighter/6429291f021f17e13fbc1db9"
        >
          <div
            class="_imgCont_6dc023"
          >
            <img
              alt="Millennium Falcon starship"
              src="https://lumiere-a.akamaihd.net/v1/images/millennium-falcon-main-tlj-a_7cf89d3a.jpeg"
            />
          </div>
        </a>
        <a
          data-discover="true"
          href="/starships/starfighter/6429291f021f17e13fbc1db9"
        >
          <div
            class="_nameCont_6dc023"
          >
            <h2
              class="_name_6dc023"
            >
              Millennium Falcon
            </h2>
            <div>
              <p
                class="_imperial_6dc023"
              >
                Millennium Falcon
              </p>
              <p
                class="_naboo_6dc023"
              >
                Millennium Falcon
              </p>
            </div>
          </div>
        </a>
        <div
          class="_cont_3c2471"
        >
          <button
            class="_leftBtn_3c2471"
          >
            -
          </button>
          <input
            class="_quantityInput_3c2471"
            max="20"
            min="1"
            type="number"
            value="1"
          />
          <button
            class="_rightBtn_3c2471"
          >
            +
          </button>
        </div>
        <div
          class="_priceCont_6dc023"
        >
          <button
            class="_delBtn_6dc023"
          >
            <img
              alt="trashcan remove icon"
              height="28"
              src="/src/assets/trash.svg"
              width="28"
            />
          </button>
          <p>
            <span
              class="_itemQuantity_6dc023"
            >
              1x 
            </span>
            100,000
          </p>
        </div>
      </div>
    </div>
  </div>,
  "debug": [Function],
  "findAllByAltText": [Function],
  "findAllByDisplayValue": [Function],
  "findAllByLabelText": [Function],
  "findAllByPlaceholderText": [Function],
  "findAllByRole": [Function],
  "findAllByTestId": [Function],
  "findAllByText": [Function],
  "findAllByTitle": [Function],
  "findByAltText": [Function],
  "findByDisplayValue": [Function],
  "findByLabelText": [Function],
  "findByPlaceholderText": [Function],
  "findByRole": [Function],
  "findByTestId": [Function],
  "findByText": [Function],
  "findByTitle": [Function],
  "getAllByAltText": [Function],
  "getAllByDisplayValue": [Function],
  "getAllByLabelText": [Function],
  "getAllByPlaceholderText": [Function],
  "getAllByRole": [Function],
  "getAllByTestId": [Function],
  "getAllByText": [Function],
  "getAllByTitle": [Function],
  "getByAltText": [Function],
  "getByDisplayValue": [Function],
  "getByLabelText": [Function],
  "getByPlaceholderText": [Function],
  "getByRole": [Function],
  "getByTestId": [Function],
  "getByText": [Function],
  "getByTitle": [Function],
  "queryAllByAltText": [Function],
  "queryAllByDisplayValue": [Function],
  "queryAllByLabelText": [Function],
  "queryAllByPlaceholderText": [Function],
  "queryAllByRole": [Function],
  "queryAllByTestId": [Function],
  "queryAllByText": [Function],
  "queryAllByTitle": [Function],
  "queryByAltText": [Function],
  "queryByDisplayValue": [Function],
  "queryByLabelText": [Function],
  "queryByPlaceholderText": [Function],
  "queryByRole": [Function],
  "queryByTestId": [Function],
  "queryByText": [Function],
  "queryByTitle": [Function],
  "rerender": [Function],
  "unmount": [Function],
}
`;
