// Vitest Snapshot v1, https://vitest.dev/guide/snapshot.html

exports[`Skeleton Card component > skeleton card component snapshot 1`] = `
{
  "asFragment": [Function],
  "baseElement": <body>
    <div>
      <div
        class="_skelCard_5bb178"
        data-testid="skelCard"
      >
        <div
          class="_skelImg_5bb178"
        />
        <div
          class="_infoCont_5bb178"
        >
          <div
            class="_infoWrapper_5bb178"
          >
            <div
              class="_skelName_5bb178"
            >
              <div
                class="_name_5bb178"
              />
              <div
                class="_imperial_5bb178"
              />
              <div
                class="_naboo_5bb178"
              />
            </div>
            <div
              class="_buyCont_5bb178"
            >
              <div
                class="_price_5bb178"
              />
              <div
                class="_credits_5bb178"
              />
            </div>
          </div>
          <div
            class="_addToCartCont_5bb178"
          >
            <div
              class="_addBtn_5bb178"
            />
          </div>
        </div>
      </div>
    </div>
  </body>,
  "container": <div>
    <div
      class="_skelCard_5bb178"
      data-testid="skelCard"
    >
      <div
        class="_skelImg_5bb178"
      />
      <div
        class="_infoCont_5bb178"
      >
        <div
          class="_infoWrapper_5bb178"
        >
          <div
            class="_skelName_5bb178"
          >
            <div
              class="_name_5bb178"
            />
            <div
              class="_imperial_5bb178"
            />
            <div
              class="_naboo_5bb178"
            />
          </div>
          <div
            class="_buyCont_5bb178"
          >
            <div
              class="_price_5bb178"
            />
            <div
              class="_credits_5bb178"
            />
          </div>
        </div>
        <div
          class="_addToCartCont_5bb178"
        >
          <div
            class="_addBtn_5bb178"
          />
        </div>
      </div>
    </div>
  </div>,
  "debug": [Function],
  "findAllByAltText": [Function],
  "findAllByDisplayValue": [Function],
  "findAllByLabelText": [Function],
  "findAllByPlaceholderText": [Function],
  "findAllByRole": [Function],
  "findAllByTestId": [Function],
  "findAllByText": [Function],
  "findAllByTitle": [Function],
  "findByAltText": [Function],
  "findByDisplayValue": [Function],
  "findByLabelText": [Function],
  "findByPlaceholderText": [Function],
  "findByRole": [Function],
  "findByTestId": [Function],
  "findByText": [Function],
  "findByTitle": [Function],
  "getAllByAltText": [Function],
  "getAllByDisplayValue": [Function],
  "getAllByLabelText": [Function],
  "getAllByPlaceholderText": [Function],
  "getAllByRole": [Function],
  "getAllByTestId": [Function],
  "getAllByText": [Function],
  "getAllByTitle": [Function],
  "getByAltText": [Function],
  "getByDisplayValue": [Function],
  "getByLabelText": [Function],
  "getByPlaceholderText": [Function],
  "getByRole": [Function],
  "getByTestId": [Function],
  "getByText": [Function],
  "getByTitle": [Function],
  "queryAllByAltText": [Function],
  "queryAllByDisplayValue": [Function],
  "queryAllByLabelText": [Function],
  "queryAllByPlaceholderText": [Function],
  "queryAllByRole": [Function],
  "queryAllByTestId": [Function],
  "queryAllByText": [Function],
  "queryAllByTitle": [Function],
  "queryByAltText": [Function],
  "queryByDisplayValue": [Function],
  "queryByLabelText": [Function],
  "queryByPlaceholderText": [Function],
  "queryByRole": [Function],
  "queryByTestId": [Function],
  "queryByText": [Function],
  "queryByTitle": [Function],
  "rerender": [Function],
  "unmount": [Function],
}
`;
